---
source: evenframe_core/tests/snapshot_tests.rs
expression: output
---
export const bindings = scope({

Geometry: {
  point_2d: ['number', 'number'],
  point_3d: ['number', 'number', 'number'],
  labeled: ['string', 'number']
},

});

const exported = bindings.export();

export const defaultGeometry: Geometry = {
point_2d: [0, 0],
point_3d: [0, 0, 0],
labeled: ["", 0]
};

export type Geometry = typeof exported.Geometry.infer;
