---
source: evenframe_core/tests/snapshot_tests.rs
expression: output
---
/** @derive(Decode) */
export interface Account {
  /** @endec({ validate: ["minLength(8)", "maxLength(32)", "pattern((?:[A-Z]))", "pattern((?:[a-z]))", "pattern((?:[0-9]))", "pattern((?:[!-/:-@\\[-\\x60{-~]))"] }) */
  password: string;
  /** @endec({ validate: ["pattern(^(?:[a-z0-9]+(?:-[a-z0-9]+)*))", "endsWith(\"-team\")"] }) */
  handle: string;
  /** @endec({ validate: ["pattern(^/(?:[^/\\\\\\x00-\\x1F\\x7F]+[^\\x00-\\x1F\\x7F]*)?$)"] }) */
  home: string;
}
