---
source: evenframe_core/tests/snapshot_tests.rs
expression: output
---
export const bindings = scope({

Appointment: {
  id: 'string',
  title: 'string',
  scheduled_at: 'string',
  duration: 'number',
  cancelled_at: [['string', '|', 'undefined'], '|', 'null']
},

});

const exported = bindings.export();

export const defaultAppointment: Appointment = {
id: "",
title: "",
scheduled_at: "",
duration: 0,
cancelled_at: null
};

export type Appointment = typeof exported.Appointment.infer;
