---
source: evenframe_core/tests/snapshot_tests.rs
expression: output
---
export const bindings = scope({

Event: [[[[[[['===', "Opened"], '|', { Moved: 'Moved' }], '|', { Tagged: ['string', '[]'] }], '|', { Visited: 'Place' }], '|', { Scored: 'number' }], '|', { Pinned: ['number', 'number'] }], '|', { Cleared: [] }],
Moved: {
  from: 'Place',
  to: 'Place'
},
Place: {
  name: 'string'
},
Shapes: {
  maybe_tags: [[['string', '[]'], '|', 'undefined'], '|', 'null'],
  matrix: [['number', '[]'], '[]'],
  gaps: [[['number', '|', 'undefined'], '|', 'null'], '[]'],
  tri_state: [[[['boolean', '|', 'undefined'], '|', 'null'], '|', 'undefined'], '|', 'null'],
  maybe_count: [['number', '|', 'undefined'], '|', 'null'],
  lists_by_name: { '+': 'reject', "[string]": ['string', '[]'] },
  optional_by_name: { '+': 'reject', "[string]": [['number', '|', 'undefined'], '|', 'null'] },
  maps_by_name: { '+': 'reject', "[string]": { '+': 'reject', "[string.integer]": 'boolean' } },
  pair: ['string', 'number'],
  pairs: [['number', 'number'], '[]'],
  corner: { x: 'number', y: 'number' },
  nothing: 'null',
  huge: 'number',
  huge_by_id: { '+': 'reject', "[string.integer]": 'string' },
  event: 'Event',
  events: ['Event', '[]'],
  last_event: [['Event', '|', 'undefined'], '|', 'null'],
  events_by_name: { '+': 'reject', "[string]": 'Event' }
},

});

const exported = bindings.export();

export const defaultMoved: Moved = {
from: { name: "" },
to: { name: "" }
};
export const defaultPlace: Place = {
name: ""
};
export const defaultShapes: Shapes = {
maybe_tags: null,
matrix: [],
gaps: [],
tri_state: null,
maybe_count: null,
lists_by_name: {},
optional_by_name: {},
maps_by_name: {},
pair: ["", 0],
pairs: [],
corner: { x: 0, y: 0 },
nothing: null,
huge: 0,
huge_by_id: {},
event: "Opened",
events: [],
last_event: null,
events_by_name: {}
};

export type Event = typeof exported.Event.infer;
export type Moved = typeof exported.Moved.infer;
export type Place = typeof exported.Place.infer;
export type Shapes = typeof exported.Shapes.infer;
