---
source: evenframe_core/tests/snapshot_tests.rs
expression: output
---
export class Author extends Schema.Class<Author>("Author")( { 
  id: Schema.propertySignature(Schema.String).annotations({ missingMessage: () => `'Id' is required` }),
  name: Schema.propertySignature(Schema.String).annotations({ missingMessage: () => `'Name' is required` })
}) {[key: string]: unknown}

export class Post extends Schema.Class<Post>("Post")( { 
  id: Schema.propertySignature(Schema.String).annotations({ missingMessage: () => `'Id' is required` }),
  title: Schema.propertySignature(Schema.String).annotations({ missingMessage: () => `'Title' is required` }),
  author: Schema.propertySignature(Schema.Union(Schema.Struct({ table: Schema.String, key: Schema.Union(Schema.Struct({ String: Schema.String }), Schema.Struct({ Number: Schema.Number.pipe(Schema.int()) }), Schema.Struct({ Uuid: Schema.UUID })) }), Author)).annotations({ missingMessage: () => `'Author' is required` }),
  related_posts: Schema.propertySignature(Schema.Array(Schema.Union(Schema.Struct({ table: Schema.String, key: Schema.Union(Schema.Struct({ String: Schema.String }), Schema.Struct({ Number: Schema.Number.pipe(Schema.int()) }), Schema.Struct({ Uuid: Schema.UUID })) }), Schema.suspend((): Schema.Schema<Post, PostEncoded> => Post).annotations({ identifier: `PostRef` })))).annotations({ missingMessage: () => `'Related Posts' is required` })
}) {[key: string]: unknown}


export interface AuthorEncoded {
  readonly id: string;
  readonly name: string;
}

export interface PostEncoded {
  readonly id: string;
  readonly title: string;
  readonly author: { readonly table: string; readonly key: { readonly String: string } | { readonly Number: number } | { readonly Uuid: string } } | AuthorEncoded;
  readonly related_posts: ReadonlyArray<{ readonly table: string; readonly key: { readonly String: string } | { readonly Number: number } | { readonly Uuid: string } } | PostEncoded>;
}


export type AuthorType = typeof Author.Type;
export type PostType = typeof Post.Type;
