---
source: evenframe_core/tests/snapshot_tests.rs
expression: output
---
/** Application configuration settings */
/** @derive(Decode) */
export interface Config {
  /** The API key used for authentication */
  apiKey: string;
  /** Request timeout in milliseconds */
  timeoutMs: number;
}

/** Severity levels for log output */
/** @derive(Decode) */
/** @endec({ externallyTagged: true }) */
export type LogLevel =
	| "Debug"
	| "Info"
	| "Warn"
	| "Error";
