---
source: evenframe_core/tests/snapshot_tests.rs
expression: output
---
export const bindings = scope({

Event: [[{ t: ['===', "Click"], c: 'ClickData' }, '|', { t: ['===', "KeyPress"], c: 'string' }], '|', { t: ['===', "Scroll"] }],
ClickData: {
  x: 'number',
  y: 'number'
},

});

const exported = bindings.export();

export type Event = typeof exported.Event.infer;
export type ClickData = typeof exported.ClickData.infer;
