---
source: evenframe_core/tests/snapshot_tests.rs
expression: output
---
export const bindings = scope({

Author: {
  id: 'string',
  name: 'string'
},
Post: {
  id: 'string',
  title: 'string',
  author: ['Author', "|", { '+': 'reject', table: 'string', key: [[{ '+': 'reject', String: 'string' }, '|', { '+': 'reject', Number: 'number.integer' }], '|', { '+': 'reject', Uuid: 'string.uuid' }] }],
  relatedPosts: [['Post', "|", { '+': 'reject', table: 'string', key: [[{ '+': 'reject', String: 'string' }, '|', { '+': 'reject', Number: 'number.integer' }], '|', { '+': 'reject', Uuid: 'string.uuid' }] }], '[]']
},

});

const exported = bindings.export();

export type Author = typeof exported.Author.infer;
export type Post = typeof exported.Post.infer;
