---
source: evenframe_core/tests/snapshot_tests.rs
assertion_line: 155
expression: output
---
DEFINE TABLE OVERWRITE user SCHEMAFULL TYPE NORMAL CHANGEFEED 3d PERMISSIONS FOR select FULL FOR update FULL FOR create FULL FOR delete FULL;
DEFINE FIELD OVERWRITE email ON TABLE user TYPE any PERMISSIONS FULL;
DEFINE FIELD OVERWRITE username ON TABLE user TYPE any PERMISSIONS FULL;
DEFINE FIELD OVERWRITE is_active ON TABLE user TYPE any PERMISSIONS FULL;
DEFINE FIELD OVERWRITE age ON TABLE user TYPE any PERMISSIONS FULL;
