---
source: evenframe_core/tests/snapshot_tests.rs
expression: output
---
export const bindings = scope({

Profile: {
  id: 'string',
  bio: [['string', '|', 'undefined'], '|', 'null'],
  age: [['number', '|', 'undefined'], '|', 'null'],
  rating: [['number', '|', 'undefined'], '|', 'null'],
  verified: [['boolean', '|', 'undefined'], '|', 'null']
},

});

const exported = bindings.export();

export type Profile = typeof exported.Profile.infer;
