---
source: evenframe_core/tests/snapshot_tests.rs
expression: output
---
export const bindings = scope({

Address: {
  street: 'string',
  city: 'string'
},
Person: {
  name: 'string',
  homeAddress: 'Address',
  workAddress: [['Address', '|', 'undefined'], '|', 'null']
},

});

const exported = bindings.export();

export type Address = typeof exported.Address.infer;
export type Person = typeof exported.Person.infer;
