---
source: evenframe_core/tests/snapshot_tests.rs
expression: output
---
export const bindings = scope({

User: {
  id: 'string',
  email: 'string',
  age: 'number',
  score: 'number',
  isActive: 'boolean'
},

});

const exported = bindings.export();

export type User = typeof exported.User.infer;
