---
source: evenframe_core/tests/snapshot_tests.rs
expression: output
---
export const bindings = scope({

User: {
  id: 'string',
  email: 'string',
  age: 'number',
  score: 'number',
  isActive: 'boolean'
},

});


export const defaultUser: User = {
id: "",
email: "",
age: 0,
score: 0,
isActive: false
};

export type User = typeof bindings.User.infer;
