---
source: evenframe_core/tests/snapshot_tests.rs
assertion_line: 155
expression: output
---
DEFINE TABLE OVERWRITE article SCHEMAFULL TYPE NORMAL CHANGEFEED 3d PERMISSIONS FOR select FULL FOR update FULL FOR create FULL FOR delete FULL;
DEFINE FIELD OVERWRITE slug ON TABLE article TYPE any PERMISSIONS FULL;
DEFINE FIELD OVERWRITE body ON TABLE article TYPE any PERMISSIONS FULL;
DEFINE FIELD OVERWRITE tags ON TABLE article TYPE any PERMISSIONS FULL;
DEFINE FIELD OVERWRITE age ON TABLE article TYPE any PERMISSIONS FULL;
DEFINE FIELD OVERWRITE embedding ON TABLE article TYPE any PERMISSIONS FULL;
DEFINE FIELD OVERWRITE active ON TABLE article TYPE any PERMISSIONS FULL;
DEFINE INDEX OVERWRITE idx_article_slug ON TABLE article FIELDS slug UNIQUE COMMENT 'one slug per article';
DEFINE INDEX OVERWRITE article_search ON TABLE article FIELDS body FULLTEXT ANALYZER english BM25(1.2,0.75) HIGHLIGHTS;
DEFINE INDEX OVERWRITE article_search_like ON TABLE article FIELDS body FULLTEXT BM25;
DEFINE INDEX OVERWRITE idx_article_embedding ON TABLE article FIELDS embedding HNSW DIMENSION 4 DIST COSINE TYPE F32 EFC 150 M 12 EXTEND_CANDIDATES;
DEFINE INDEX OVERWRITE article_ann ON TABLE article FIELDS embedding DISKANN DIMENSION 4 DIST COSINE_NORMALIZED TYPE F16 DEGREE 32 HASHED_VECTOR CONCURRENTLY;
DEFINE INDEX OVERWRITE idx_article_tags_age ON TABLE article FIELDS tags.*, age;
DEFINE INDEX OVERWRITE idx_article_count ON TABLE article COUNT;
DEFINE INDEX OVERWRITE article_active_count ON TABLE article COUNT WHERE active = true;
