---
source: evenframe_core/tests/snapshot_tests.rs
expression: output
---
export const bindings = scope({

Appointment: {
  id: 'string',
  title: 'string',
  scheduledAt: 'string',
  duration: 'number',
  cancelledAt: [['string', '|', 'undefined'], '|', 'null']
},

});

const exported = bindings.export();

export const defaultAppointment: Appointment = {
id: "",
title: "",
scheduledAt: "",
duration: 0,
cancelledAt: null
};

export type Appointment = typeof exported.Appointment.infer;
