---
source: evenframe_core/tests/snapshot_tests.rs
expression: output
---
table Registration {
    email: string (validate: "email, maxLength(255), minLength(5)");
    username: string (validate: "alphanumeric, minLength(3), maxLength(50)");
    age: uint32 (validate: "greaterThanOrEqualTo(13), lessThanOrEqualTo(150)");
    website: string (validate: "url");
}
