---
source: evenframe_core/tests/snapshot_tests.rs
expression: output
---
export const bindings = scope({

Author: {
  id: 'string',
  name: 'string'
},
Post: {
  id: 'string',
  title: 'string',
  author: ['Author', "|",  "string"],
  relatedPosts: [['Post', "|",  "string"], '[]']
},

});

const exported = bindings.export();

export const defaultAuthor: Author = {
id: "",
name: ""
};
export const defaultPost: Post = {
id: "",
title: "",
author: '',
relatedPosts: []
};

export type Author = typeof exported.Author.infer;
export type Post = typeof exported.Post.infer;
