---
source: evenframe_core/tests/typesync_pipeline.rs
expression: rendered
---
=== 0-arktype/arktype.ts
import { scope } from 'arktype';
import { RecordIdCodec } from '../record-id.ts';

export const bindings = scope({

Status: [[['===', "Draft"], '|', { Scheduled: 'Scheduled' }], '|', { Archived: 'string' }],
Address: {
  street: 'string',
  city: [['string', '|', 'undefined'], '|', 'null']
},
Comment: {
  body: 'string',
  replies: ['Reply', '[]']
},
Reply: {
  body: 'string',
  thread: ['Comment', '[]']
},
Scheduled: {
  at: 'string',
  note: [['string', '|', 'undefined'], '|', 'null']
},
Section: {
  heading: 'string',
  children: ['Section', '[]']
},
Author: {
  id: 'string',
  name: 'string',
  home: 'Address'
},
Post: {
  id: 'string',
  title: 'string',
  author: ['Author', "|", RecordIdCodec.ark],
  read_time: { '+': 'reject', secs: 'number.integer >= 0', nanos: '0 <= number.integer < 1000000000' },
  status: 'Status',
  location: 'Address',
  outline: [['Section', '|', 'undefined'], '|', 'null'],
  comments: ['Comment', '[]']
},

});

const exported = bindings.export();

export const defaultAddress: Address = {
street: "",
city: null
};
export const defaultComment: Comment = {
body: "",
replies: []
};
export const defaultReply: Reply = {
body: "",
thread: []
};
export const defaultScheduled: Scheduled = {
at: "",
note: null
};
export const defaultSection: Section = {
heading: "",
children: []
};
export const defaultAuthor: Author = {
id: "",
name: "",
home: { street: "", city: null }
};
export const defaultPost: Post = {
id: "",
title: "",
author: RecordIdCodec.empty,
read_time: { secs: 0, nanos: 0 },
status: "Draft",
location: { street: "", city: null },
outline: null,
comments: []
};

export type Status = typeof exported.Status.infer;
export type Address = typeof exported.Address.infer;
export type Comment = typeof exported.Comment.infer;
export type Reply = typeof exported.Reply.infer;
export type Scheduled = typeof exported.Scheduled.infer;
export type Section = typeof exported.Section.infer;
export type Author = typeof exported.Author.infer;
export type Post = typeof exported.Post.infer;

export const validator = exported;

=== 1-effect/bindings.ts
import { Schema } from "effect";
import { RecordIdCodec } from '../record-id.ts';

export class Scheduled extends Schema.Class<Scheduled>("Scheduled")( { 
  at: Schema.propertySignature(Schema.String).annotations({ missingMessage: () => `'At' is required` }),
  note: Schema.OptionFromNullishOr(Schema.String, null)
}) {[key: string]: unknown}

export const Status = Schema.Union(Schema.Literal("Draft"), Schema.Struct({ Scheduled: Scheduled }), Schema.Struct({ Archived: Schema.String })).annotations({ identifier: `Status` });
export class Section extends Schema.Class<Section>("Section")( { 
  heading: Schema.propertySignature(Schema.String).annotations({ missingMessage: () => `'Heading' is required` }),
  children: Schema.propertySignature(Schema.Array(Schema.suspend((): Schema.Schema<Section, SectionEncoded> => Section).annotations({ identifier: `SectionRef` }))).annotations({ missingMessage: () => `'Children' is required` })
}) {[key: string]: unknown}

export class Comment extends Schema.Class<Comment>("Comment")( { 
  body: Schema.propertySignature(Schema.String).annotations({ missingMessage: () => `'Body' is required` }),
  replies: Schema.propertySignature(Schema.Array(Schema.suspend((): Schema.Schema<Reply, ReplyEncoded> => Reply).annotations({ identifier: `ReplyRef` }))).annotations({ missingMessage: () => `'Replies' is required` })
}) {[key: string]: unknown}

export class Reply extends Schema.Class<Reply>("Reply")( { 
  body: Schema.propertySignature(Schema.String).annotations({ missingMessage: () => `'Body' is required` }),
  thread: Schema.propertySignature(Schema.Array(Comment)).annotations({ missingMessage: () => `'Thread' is required` })
}) {[key: string]: unknown}

export class Address extends Schema.Class<Address>("Address")( { 
  street: Schema.propertySignature(Schema.String).annotations({ missingMessage: () => `'Street' is required` }),
  city: Schema.OptionFromNullishOr(Schema.String, null)
}) {[key: string]: unknown}

export class Author extends Schema.Class<Author>("Author")( { 
  id: Schema.propertySignature(Schema.String).annotations({ missingMessage: () => `'Id' is required` }),
  name: Schema.propertySignature(Schema.String).annotations({ missingMessage: () => `'Name' is required` }),
  home: Schema.propertySignature(Address).annotations({ missingMessage: () => `'Home' is required` })
}) {[key: string]: unknown}

export class Post extends Schema.Class<Post>("Post")( { 
  id: Schema.propertySignature(Schema.String).annotations({ missingMessage: () => `'Id' is required` }),
  title: Schema.propertySignature(Schema.String).annotations({ missingMessage: () => `'Title' is required` }),
  author: Schema.propertySignature(Schema.Union(RecordIdCodec.schema, Author)).annotations({ missingMessage: () => `'Author' is required` }),
  read_time: Schema.propertySignature(Schema.Struct({ secs: Schema.Number.pipe(Schema.int(), Schema.nonNegative()), nanos: Schema.Number.pipe(Schema.int(), Schema.between(0, 999999999)) }).annotations({ parseOptions: { onExcessProperty: "error" } })).annotations({ missingMessage: () => `'Read Time' is required` }),
  status: Schema.propertySignature(Status).annotations({ missingMessage: () => `'Status' is required` }),
  location: Schema.propertySignature(Address).annotations({ missingMessage: () => `'Location' is required` }),
  outline: Schema.OptionFromNullishOr(Section, null),
  comments: Schema.propertySignature(Schema.Array(Comment)).annotations({ missingMessage: () => `'Comments' is required` })
}) {[key: string]: unknown}


export interface ScheduledEncoded {
  readonly at: string;
  readonly note: string | null | undefined;
}

export type StatusEncoded = "Draft" | { readonly Scheduled: ScheduledEncoded } | { readonly Archived: string };

export interface SectionEncoded {
  readonly heading: string;
  readonly children: ReadonlyArray<SectionEncoded>;
}

export interface CommentEncoded {
  readonly body: string;
  readonly replies: ReadonlyArray<ReplyEncoded>;
}

export interface ReplyEncoded {
  readonly body: string;
  readonly thread: ReadonlyArray<CommentEncoded>;
}

export interface AddressEncoded {
  readonly street: string;
  readonly city: string | null | undefined;
}

export interface AuthorEncoded {
  readonly id: string;
  readonly name: string;
  readonly home: AddressEncoded;
}

export interface PostEncoded {
  readonly id: string;
  readonly title: string;
  readonly author: Schema.Schema.Encoded<typeof RecordIdCodec.schema> | AuthorEncoded;
  readonly read_time: {
  readonly secs: number;
  readonly nanos: number;
};
  readonly status: StatusEncoded;
  readonly location: AddressEncoded;
  readonly outline: SectionEncoded | null | undefined;
  readonly comments: ReadonlyArray<CommentEncoded>;
}


=== 2-effect/address.ts
import { Schema } from "effect";

export class Address extends Schema.Class<Address>("Address")( { 
  street: Schema.propertySignature(Schema.String).annotations({ missingMessage: () => `'Street' is required` }),
  city: Schema.OptionFromNullishOr(Schema.String, null)
}) {[key: string]: unknown}

export type AddressType = typeof Address.Type;

export interface AddressEncoded {
  readonly street: string;
  readonly city: string | null | undefined;
}


=== 2-effect/post.ts
import { Schema } from "effect";
import { RecordIdCodec } from '../record-id.ts';
import { Address, type AddressEncoded } from './address';
import { Section, type SectionEncoded } from './section';

export class Scheduled extends Schema.Class<Scheduled>("Scheduled")( { 
  at: Schema.propertySignature(Schema.String).annotations({ missingMessage: () => `'At' is required` }),
  note: Schema.OptionFromNullishOr(Schema.String, null)
}) {[key: string]: unknown}

export type ScheduledType = typeof Scheduled.Type;
export const Status = Schema.Union(Schema.Literal("Draft"), Schema.Struct({ Scheduled: Scheduled }), Schema.Struct({ Archived: Schema.String })).annotations({ identifier: `Status` });
export type StatusType = typeof Status.Type;
export class Comment extends Schema.Class<Comment>("Comment")( { 
  body: Schema.propertySignature(Schema.String).annotations({ missingMessage: () => `'Body' is required` }),
  replies: Schema.propertySignature(Schema.Array(Schema.suspend((): Schema.Schema<Reply, ReplyEncoded> => Reply).annotations({ identifier: `ReplyRef` }))).annotations({ missingMessage: () => `'Replies' is required` })
}) {[key: string]: unknown}

export type CommentType = typeof Comment.Type;
export class Reply extends Schema.Class<Reply>("Reply")( { 
  body: Schema.propertySignature(Schema.String).annotations({ missingMessage: () => `'Body' is required` }),
  thread: Schema.propertySignature(Schema.Array(Comment)).annotations({ missingMessage: () => `'Thread' is required` })
}) {[key: string]: unknown}

export type ReplyType = typeof Reply.Type;
export class Author extends Schema.Class<Author>("Author")( { 
  id: Schema.propertySignature(Schema.String).annotations({ missingMessage: () => `'Id' is required` }),
  name: Schema.propertySignature(Schema.String).annotations({ missingMessage: () => `'Name' is required` }),
  home: Schema.propertySignature(Address).annotations({ missingMessage: () => `'Home' is required` })
}) {[key: string]: unknown}

export type AuthorType = typeof Author.Type;
export class Post extends Schema.Class<Post>("Post")( { 
  id: Schema.propertySignature(Schema.String).annotations({ missingMessage: () => `'Id' is required` }),
  title: Schema.propertySignature(Schema.String).annotations({ missingMessage: () => `'Title' is required` }),
  author: Schema.propertySignature(Schema.Union(RecordIdCodec.schema, Author)).annotations({ missingMessage: () => `'Author' is required` }),
  read_time: Schema.propertySignature(Schema.Struct({ secs: Schema.Number.pipe(Schema.int(), Schema.nonNegative()), nanos: Schema.Number.pipe(Schema.int(), Schema.between(0, 999999999)) }).annotations({ parseOptions: { onExcessProperty: "error" } })).annotations({ missingMessage: () => `'Read Time' is required` }),
  status: Schema.propertySignature(Status).annotations({ missingMessage: () => `'Status' is required` }),
  location: Schema.propertySignature(Address).annotations({ missingMessage: () => `'Location' is required` }),
  outline: Schema.OptionFromNullishOr(Section, null),
  comments: Schema.propertySignature(Schema.Array(Comment)).annotations({ missingMessage: () => `'Comments' is required` })
}) {[key: string]: unknown}

export type PostType = typeof Post.Type;

export interface ScheduledEncoded {
  readonly at: string;
  readonly note: string | null | undefined;
}

export type StatusEncoded = "Draft" | { readonly Scheduled: ScheduledEncoded } | { readonly Archived: string };

export interface CommentEncoded {
  readonly body: string;
  readonly replies: ReadonlyArray<ReplyEncoded>;
}

export interface ReplyEncoded {
  readonly body: string;
  readonly thread: ReadonlyArray<CommentEncoded>;
}

export interface AuthorEncoded {
  readonly id: string;
  readonly name: string;
  readonly home: AddressEncoded;
}

export interface PostEncoded {
  readonly id: string;
  readonly title: string;
  readonly author: Schema.Schema.Encoded<typeof RecordIdCodec.schema> | AuthorEncoded;
  readonly read_time: {
  readonly secs: number;
  readonly nanos: number;
};
  readonly status: StatusEncoded;
  readonly location: AddressEncoded;
  readonly outline: SectionEncoded | null | undefined;
  readonly comments: ReadonlyArray<CommentEncoded>;
}


=== 2-effect/section.ts
import { Schema } from "effect";

export class Section extends Schema.Class<Section>("Section")( { 
  heading: Schema.propertySignature(Schema.String).annotations({ missingMessage: () => `'Heading' is required` }),
  children: Schema.propertySignature(Schema.Array(Schema.suspend((): Schema.Schema<Section, SectionEncoded> => Section).annotations({ identifier: `SectionRef` }))).annotations({ missingMessage: () => `'Children' is required` })
}) {[key: string]: unknown}

export type SectionType = typeof Section.Type;

export interface SectionEncoded {
  readonly heading: string;
  readonly children: ReadonlyArray<SectionEncoded>;
}


=== 3-macroforge/macroforge.ts
import type { RecordIdEncoded } from '../record-id.ts';

export type RecordLink<T> = RecordIdEncoded | T;

/** @derive(Deserialize) */
export interface Address {
  street: string;
  city: string | null;
}

/** @derive(Deserialize) */
export interface Author {
  id: string;
  name: string;
  home: Address;
}

/** @derive(Deserialize) */
export interface Comment {
  body: string;
  replies: Reply[];
}

/** @derive(Deserialize) */
export interface Post {
  id: string;
  title: string;
  author: RecordLink<Author>;
  read_time: { secs: number; nanos: number };
  status: Status;
  location: Address;
  outline: Section | null;
  comments: Comment[];
}

/** @derive(Deserialize) */
export interface Reply {
  body: string;
  thread: Comment[];
}

/** @derive(Deserialize) */
export interface Scheduled {
  at: string;
  note: string | null;
}

/** @derive(Deserialize) */
export interface Section {
  heading: string;
  children: Section[];
}

/** @derive(Deserialize) */
/** @serde({ externallyTagged: true }) */
export type Status =
	| "Draft"
	| { Scheduled: Scheduled }
	| { Archived: string };

=== 4-macroforge/address.ts
/** @derive(Deserialize) */
export interface Address {
  street: string;
  city: string | null;
}

=== 4-macroforge/post.ts
import type { RecordLink } from './record-link';
import type { Address } from './address';
import type { Section } from './section';

/** @derive(Deserialize) */
export interface Author {
  id: string;
  name: string;
  home: Address;
}

/** @derive(Deserialize) */
export interface Comment {
  body: string;
  replies: Reply[];
}

/** @derive(Deserialize) */
export interface Post {
  id: string;
  title: string;
  author: RecordLink<Author>;
  read_time: { secs: number; nanos: number };
  status: Status;
  location: Address;
  outline: Section | null;
  comments: Comment[];
}

/** @derive(Deserialize) */
export interface Reply {
  body: string;
  thread: Comment[];
}

/** @derive(Deserialize) */
export interface Scheduled {
  at: string;
  note: string | null;
}

/** @derive(Deserialize) */
/** @serde({ externallyTagged: true }) */
export type Status =
	| "Draft"
	| { Scheduled: Scheduled }
	| { Archived: string };

=== 4-macroforge/record-link.ts
import type { RecordIdEncoded } from '../record-id.ts';

export type RecordLink<T> = RecordIdEncoded | T;

=== 4-macroforge/section.ts
/** @derive(Deserialize) */
export interface Section {
  heading: string;
  children: Section[];
}
